[saitamatoken.com/index.html]
[backblue.gif]
[fade.gif]
[index.html]
[saitamatoken.com/rlib/img/icons/logo-512x512.png]
[saitamatoken.com/rlib/img/icons/logo-32x32.png]
[saitamatoken.com/rlib/img/icons/logo-192x192.png]
[saitamatoken.com/rlib/img/icons/logo-180x180.png]
[saitamatoken.com/rlib/css/bootstrap/bootstrap.min.css]
[saitamatoken.com/rlib/css/saitamain.css]
[saitamatoken.com/rlib/css/all.min.css]
[saitamatoken.com/rlib/css/jquery.toast.min.css]
[saitamatoken.com/rlib/css/lity.min.css]
[saitamatoken.com/rlib/css/animate.css]
[saitamatoken.com/rlib/img/full-logo.png]
[saitamatoken.com/rlib/img/icons/saita-play-icon.png]
[saitamatoken.com/rlib/img/icons/saita-dollar-icon.png]
[saitamatoken.com/rlib/img/icons/saita-book-icon.png]
[saitamatoken.com/rlib/img/saitavideo.png]
[saitamatoken.com/index1d96.html]
[saitamatoken.com/rlib/img/icons/saitaeco-diamondhand.png]
[saitamatoken.com/index6896.html]
[saitamatoken.com/rlib/img/icons/saitaeco-burn.png]
[saitamatoken.com/index18ab.html]
[saitamatoken.com/rlib/img/icons/saitaeco-whaletrap.png]
[saitamatoken.com/index4b8e.html]
[saitamatoken.com/rlib/img/saitamask-here-small.png]
[saitamatoken.com/rlib/img/saitamask-phone.png]
[saitamatoken.com/rlib/img/saitamask-text2.png]
[saitamatoken.com/rlib/vid/saitamask.mp4]
[saitamatoken.com/rlib/img/app-store.png]
[saitamatoken.com/rlib/img/play-store.png]
[saitamatoken.com/rlib/img/saitamaskprev1.png]
[saitamatoken.com/rlib/img/saitamaskprev2.png]
[saitamatoken.com/rlib/img/saitamaskprev3.png]
[saitamatoken.com/pdf/SAITAMA_INU_WHITEPAPER_V1.pdf]
[saitamatoken.com/pdf/SAITAMA_INU_WHITEPAPER_V1_ES.pdf]
[saitamatoken.com/pdf/SAITAMA_INU_WHITEPAPER_V1_Arabic.pdf]
[saitamatoken.com/pdf/SAITAMA_INU_WHITEPAPER_V1_Turkish.pdf]
[saitamatoken.com/rlib/img/saitawp.png]
[saitamatoken.com/rlib/img/exchanges.png]
[saitamatoken.com/rlib/img/roadmap.png]
[saitamatoken.com/rlib/img/SAITAMASK_ROADMAP.png]
[saitamatoken.com/rlib/img/logo-long.png]
[saitamatoken.com/rlib/img/team/manpreet.png]
[saitamatoken.com/rlib/img/team/max.png]
[saitamatoken.com/rlib/img/team/russell.png]
[saitamatoken.com/rlib/img/team/nam.png]
[saitamatoken.com/rlib/img/team/gabriel.png]
[saitamatoken.com/rlib/img/team/aaron.png]
[saitamatoken.com/rlib/img/magnify.png]
[saitamatoken.com/rlib/img/biohazard.png]
[saitamatoken.com/rlib/img/unlock.png]
[saitamatoken.com/rlib/img/saitapie.png]
[unpkg.com/mintable-widget/dist/index.2e.delayed]
[saitamatoken.com/rlib/img/saitalogo-gray.png]
[unpkg.com/mintable-widget@1.1.2/dist/index.js]
[saitamatoken.com/pdf/Listing-Agreement-SAITAMA.LLC.pdf]
[platform.twitter.com/widgets.js]
[saitamatoken.com/rlib/js/jquery/jquery.min.js]
[saitamatoken.com/rlib/js/bootstrap/bootstrap.min.js]
[saitamatoken.com/rlib/js/saitascripts.js]
[saitamatoken.com/rlib/js/backstretch.min.js]
[saitamatoken.com/rlib/js/chart.min.js]
[saitamatoken.com/rlib/js/mainall.min.js]
[saitamatoken.com/rlib/js/jquery.toast.min.js]
[saitamatoken.com/index.html]
[saitamatoken.com/rlib/css/bootstrap/bootstrap.min.css]
[saitamatoken.com/rlib/css/saitamain.css]
[saitamatoken.com/rlib/js/wow.min.js]
[saitamatoken.com/rlib/webfonts/fa-brands-400.woff2]
[saitamatoken.com/rlib/webfonts/fa-brands-400.woff]
[saitamatoken.com/rlib/webfonts/fa-brands-400.ttf]
[saitamatoken.com/rlib/webfonts/fa-duotone-900.woff2]
[saitamatoken.com/rlib/webfonts/fa-duotone-900.woff]
[saitamatoken.com/rlib/webfonts/fa-duotone-900.ttf]
[saitamatoken.com/rlib/webfonts/fa-light-300.woff2]
[saitamatoken.com/rlib/webfonts/fa-light-300.woff]
[saitamatoken.com/rlib/webfonts/fa-regular-400.woff2]
[saitamatoken.com/rlib/webfonts/fa-light-300.ttf]
[saitamatoken.com/rlib/webfonts/fa-regular-400.woff]
[saitamatoken.com/rlib/webfonts/fa-solid-900.woff2]
[saitamatoken.com/rlib/webfonts/fa-regular-400.ttf]
[saitamatoken.com/rlib/webfonts/fa-solid-900.woff]
[saitamatoken.com/rlib/webfonts/fa-solid-900.ttf]
[saitamatoken.com/rlib/webfonts/fa-thin-100.woff2]
[saitamatoken.com/rlib/webfonts/fa-thin-100.woff]
[saitamatoken.com/rlib/css/all.min.css]
[saitamatoken.com/rlib/css/jquery.toast.min.css]
[saitamatoken.com/rlib/css/lity.min.css]
[saitamatoken.com/rlib/css/animate.css]
[saitamatoken.com/indexe495.html]
[saitamatoken.com/indexbd55.html]
[saitamatoken.com/cdn-cgi/l/email-protection.html]
[saitamatoken.com/rlib/webfonts/fa-thin-100.ttf]
[saitamatoken.com/index1d96.html]
[saitamatoken.com/index6896.html]
[saitamatoken.com/cdn-cgi/scripts/5c5dd728/cloudflare-static/email-decode.min.js]
[saitamatoken.com/rlib/img/saitamask-logo.jpg]
[saitamatoken.com/index18ab.html]
[saitamatoken.com/rlib/img/vegashead.jpg]
[saitamatoken.com/rlib/img/logo.png]
[saitamatoken.com/index4b8e.html]
[saitamatoken.com/rlib/js/jquery/jquery.min.js]
[saitamatoken.com/popper.js]
[saitamatoken.com/rlib/js/bootstrap/bootstrap.min.js]
[saitamatoken.com/rlib/img/saitahome-bg.jpg]
[saitamatoken.com/rlib/img/saitamission.png]
[saitamatoken.com/rlib/img/saitagrid.png]
[saitamatoken.com/rlib/img/saitamaskgrid.png]
[saitamatoken.com/rlib/img/saitamaskmountain.jpg]
[saitamatoken.com/rlib/img/saitamaskmountain-2.png]
[saitamatoken.com/rlib/img/whitepaper-bg.png]
[saitamatoken.com/rlib/img/saitahtb-bg1.png]
[saitamatoken.com/rlib/img/saitahtb-bg2.png]
[saitamatoken.com/rlib/img/saitahtb-bg3.png]
[saitamatoken.com/rlib/img/saitablack-bg.png]
[saitamatoken.com/rlib/img/community-bg.png]
[saitamatoken.com/rlib/img/contact-bg.png]
[saitamatoken.com/rlib/img/map.jpg]
[saitamatoken.com/rlib/img/beta-contact-bg.jpg]
[saitamatoken.com/rlib/js/saitascripts.js]
[saitamatoken.com/rlib/js/backstretch.min.js]
[saitamatoken.com/Trident/index.html]
[saitamatoken.com/rlib/js/mainall.min.js]
[saitamatoken.com/rlib/js/chart.min.js]
[saitamatoken.com/rlib/js/jquery.toast.min.js]
[saitamatoken.com/rlib/js/wow.min.js]
[saitamatoken.com/cdn-cgi/l/email-protection.html]
[saitamatoken.com/popper.html]
[saitamatoken.com/Trident/index.html]
